Turbo Assembler	 Version 4.1	    03/14/23 14:47:09	    Page 1
chg_resd.asm



      1
      2				     .286
      3	0000			     .model tiny
      4	0000			     .code
      5				     org 100h
      6
      7				     locals __
      8
      9				     include		 TOOLS.ASM				 ; Exit
1    10
1    11				     ;------------------------------------------------
1    12				     ;	     EXIT PROGRAM
1    13				     ;------------------------------------------------
1    14				     ; Entry:	     NONE
1    15				     ; EXIT:	     NONE
1    16				     ; DESTROYS: AX
1    17				     ;------------------------------------------------
1    18
1    19				     EXIT	     macro
1    20							     nop
1    21							     mov ax, 4c00h
1    22							     int 21h
1    23							     nop
1    24							     endm
1    25
1    26				     ;------------------------------------------------
     27
     28				     ;------------------------------------------------
     29
     30	0100			     Start:	     ; mov ax, 0
     31						     ; mov si, 0117h
     32						     ; jmp si
     33
     34	0100  33 DB				     xor bx, bx			 ; ES =	0
     35	0102  8E C3				     mov es, bx
     36
     37	0104  BB 0024				     mov bx, 4d	* 9d		 ; BX =	4*9 ( 9th Intr - Keyboard )
     38
     39	0107  FA				     cli			 ; START NO-INTR
     40
     41	0108  26: 8B 07				     mov ax, es:[bx]		 ; Old_09_Ofs =	0:[4*9]
     42	010B  A3 017Fr				     mov Old_09_Ofs, ax
     43
     44	010E  26: C7 07	0135r			     mov es:[bx], offset New09	 ; 0:[4*9] = New_Intr_Func_Ofs
     45
     46	0113  26: 8B 47	02			     mov ax, es:[bx + 2]	 ; Old_09_Seg =	0:[4*9 + 2]
     47	0117  A3 0181r				     mov Old_09_Seg, ax
     48
     49	011A  8C C8				     mov ax, cs
     50	011C  26: 89 47	02			     mov es:[bx	+ 2], ax	 ; 0:[4*9 + 2] = New_Intr_Func_Seg
     51
     52	0120  FB				     sti			 ; END NO-INTR
     53
     54	0121  B8 3100				     mov ax, 3100h		 ; EXIT	with saving
     55	0124  BA 05E5r				     mov dx, offset EOP
     56	0127  C1 EA 04				     shr dx, 4
     57	012A  42				     inc dx
Turbo Assembler	 Version 4.1	    03/14/23 14:47:09	    Page 2
chg_resd.asm



     58	012B  CD 21				     int 21h
     59
     60				     ;------------------------------------------------
     61
     62				     include	 NEW_RESD.ASM	 ; Resident programs
1    63
1    64
1    65				     ; mov ax, 0
1    66				     ; mov si, 0117h
1    67				     ; jmp si
1    68
1    69	      =010E		     CrackPos =	010eh
1    70	012D  B8 00 00 BE 17 01	FF+  CrackCode db 0b8h,	00h, 00h, 0beh,	017h, 001h, 0ffh, 0e6h
     71	      E6
1    72
1    73				     ;------------------------------------------------
1    74
1    75	0135			     New09	     proc
1    76
1    77	0135  50				     push ax
1    78	0136  E4 60				     in	  al, 60h			 ; get scan key
1    79	0138  3C 3B				     cmp  al, 3bh			 ; F1 =	print regs
1    80	013A  74 03				     je	__PrintRegs
1    81
1    82	013C  EB 3F 90				     jmp __NoPrintRegs
1    83
1    84	013F					     __PrintRegs:
1    85
1    86	013F  1E 06				     push ds es
1    87
1    88	0141  53 51 52 06			     push bx cx	dx es
1    89	0145  BB 010E				     mov  bx, CrackPos
1    90	0148  B9 012Dr				     mov  cx, offset CrackCode
1    91	014B  8C CA				     mov  dx, cs
1    92	014D  8E C2				     mov  es, dx
1    93	014F  BA 0008				     mov  dx, 8d			 ; DX =	N
1    94	0152  E8 03DF				     call MemCpy
1    95
1    96	0155  BB B800				     mov  bx, 0b800h			 ; ES =	VIDEO_SEG
1    97	0158  8E C3				     mov  es, bx
1    98	015A  33 DB				     xor  bx, bx
1    99	015C  26: C6 07	03			     mov  byte ptr es:[bx],   3h	 ; Out heart
1   100	0160  26: C6 47	01 07			     mov  byte ptr es:[bx+1], 07h
1   101	0165  07 5A 59 5B			     pop  es dx	cx bx
1   102
1   103	0169  0E				     push cs				 ; DS =	CS
1   104	016A  1F				     pop  ds
1   105
1   106	016B  E4 61				     in	 al, 61h			 ; Signal keyboard
1   107	016D  0C 80				     or	 al, 80h
1   108	016F  E6 61				     out 61h, al
1   109	0171  24 7F				     and al, not 80h
1   110	0173  E6 61				     out 61h, al
1   111
1   112	0175  B0 20				     mov al, 20h			 ; End-of-Intr
1   113	0177  E6 20				     out 20h, al
1   114
Turbo Assembler	 Version 4.1	    03/14/23 14:47:09	    Page 3
chg_resd.asm



1   115	0179  07 1F				     pop es ds
1   116
1   117	017B  58				     pop ax
1   118	017C  CF				     iret
1   119
1   120	017D					     __NoPrintRegs:
1   121
1   122	017D  58				     pop ax
1   123
1   124	017E  EA				     db	0eah				 ; jmp Old_09_Seg:[Old_09_Ofs]
1   125	017F  0000				     Old_09_Ofs	dw 0
1   126	0181  0000				     Old_09_Seg	dw 0
1   127
1   128	0183  CF				     iret
1   129	0184					     endp
1   130
1   131				     ;------------------------------------------------
    132				     include	     SCR_HNDL.ASM    ; Clear screen function
1   133
1   134				     ; SCREEN HANDLER
1   135
1   136				     ;------------------------------------------------
1   137				     ;	     FILL SCREEN BY SYM
1   138				     ;	     FROM ( X; Y ) to (	X + WIDTH; Y + HEIGHT )
1   139				     ;------------------------------------------------
1   140				     ; ENTRY:	     AH	= COLOR	ATTR
1   141				     ;			     AL	= SYM
1   142				     ;			     BH	= X LEFT CORNER	COORDS [0; 79]
1   143				     ;			     BL	= Y LEFT CORNER	COORDS [0; 24]
1   144				     ;			     CH	= WIDTH
1   145				     ;			     CL	= HEIGHT
1   146				     ; EXIT:	     NONE
1   147				     ; EXPECTS:	     ES	= 0b800h (VIDEO	SEGMENT)
1   148				     ; DESTROYS:     NONE
1   149				     ;------------------------------------------------
1   150
1   151	0184			     FillScreen		     proc
1   152
1   153	0184  53						     push bx			     ; push (1)
1   154	0185  51						     push cx			     ; push (2)
1   155	0186  52						     push dx			     ; push (3)
1   156
1   157	0187  50						     push ax			     ; push (4)
1   158	0188  E8 0035						     call GetVideoPos
1   159	018B  8B D8						     mov bx, ax
1   160	018D  58						     pop ax			     ; pop  (4)
1   161
1   162	018E  8A F5						     __NextLine:		     mov dh, ch		     ; i =  +
    163				     CH
1   164
1   165	0190  53											     push bx		    +
    166				     ; push (5)
1   167
1   168	0191  26: 89 07											     __Next:		    +
    169				     mov es:[bx], ax
1   170	0194  83 C3 02														    +
    171				     add bx, 2
Turbo Assembler	 Version 4.1	    03/14/23 14:47:09	    Page 4
chg_resd.asm



1   172
1   173	0197  FE CE														    +
    174				     dec dh		     ; i--
1   175
1   176	0199  80 FE 00														    +
    177				     cmp dh, 0d		     ; if( dh == 0 )
1   178	019C  74 02														    +
    179				     je	__End
1   180
1   181	019E  EB F1														    +
    182				     jmp __Next
1   183	01A0												     __End:
1   184
1   185	01A0  5B											     pop bx		    +
    186				     ; pop  (5)
1   187
1   188	01A1  81 C3 00A0										     add bx, 160d    ; BX +=+
    189				     2*80
1   190
1   191	01A5  FE C9											     dec cl		    +
    192				     ; CL--
1   193
1   194	01A7  80 F9 00											     cmp cl, 0d	     ; if(  +
    195				     CL	== 0 )
1   196	01AA  74 02											     je	__EndNextLine
1   197
1   198	01AC  EB E0											     jmp __NextLine
1   199	01AE							     __EndNextLine:
1   200
1   201	01AE  5A						     pop dx			     ; pop  (3)
1   202	01AF  59						     pop cx			     ; pop  (2)
1   203	01B0  5B						     pop bx			     ; pop  (1)
1   204
1   205	01B1  C3						     ret
1   206	01B2							     endp
1   207
1   208				     ;------------------------------------------------
1   209				     ;	     CLEAR SCREEN BY SYM
1   210				     ;------------------------------------------------
1   211				     ; ENTRY:	     AH	= COLOR	ATTR
1   212				     ;			     AL	= SYM
1   213				     ; EXIT:	     NONE
1   214				     ; EXPECTS:	     ES	= 0b800h (VIDEO	SEGMENT)
1   215				     ; DESTROYS:     NONE
1   216				     ;------------------------------------------------
1   217
1   218	01B2			     ClrScreen		     proc
1   219
1   220	01B2  53						     push bx			     ; push (1)
1   221	01B3  51						     push cx			     ; push (2)
1   222
1   223	01B4  33 DB						     xor bx, bx			     ; X = 0; Y	= 0
1   224	01B6  B5 50						     mov ch, 80d
1   225	01B8  B1 19						     mov cl, 25d
1   226	01BA  E8 FFC7						     call FillScreen
1   227
1   228	01BD  59						     pop cx			     ; pop  (2)
Turbo Assembler	 Version 4.1	    03/14/23 14:47:09	    Page 5
chg_resd.asm



1   229	01BE  5B						     pop bx			     ; pop  (1)
1   230
1   231	01BF  C3						     ret
1   232	01C0							     endp
1   233
1   234				     ;------------------------------------------------
1   235				     ;	     GET VIDEO POS FROM	(X; Y)
1   236				     ;------------------------------------------------
1   237				     ; ENTRY:	     BH	= X LEFT CORNER	COORDS [0; 79]
1   238				     ;			     BL	= Y LEFT CORNER	COORDS [0; 24]
1   239				     ; EXIT:	     AX	= POS
1   240				     ; EXPECTS:	     ES	= 0b800h (VIDEO	SEGMENT)
1   241				     ; DESTROYS:     AX
1   242				     ;------------------------------------------------
1   243
1   244	01C0			     GetVideoPos	     proc
1   245
1   246	01C0  D0 E7						     shl bh, 1		     ; bh /= 2
1   247
1   248	01C2  52						     push dx		     ; push (1)
1   249
1   250	01C3  B0 A0						     mov al, 160d    ; ax = 160	* Y + 2	* X
1   251	01C5  F6 E3						     mul bl
1   252	01C7  BA 0000						     mov dx, 0
1   253	01CA  02 D7						     add dl, bh
1   254	01CC  03 C2						     add ax, dx
1   255
1   256	01CE  5A						     pop dx		     ; pop  (1)
1   257
1   258	01CF  D0 EF						     shr bh, 1		     ; bh *= 2
1   259
1   260	01D1  C3						     ret
1   261	01D2							     endp
1   262
1   263				     ;------------------------------------------------
1   264				     ;	     PRINT SYM IN (X; Y)
1   265				     ;------------------------------------------------
1   266				     ; ENTRY:	     AH	= SYM COLOR
1   267				     ;			     AL	= SYM CHAR
1   268				     ;			     BH	= X LEFT CORNER	COORDS [0; 79]
1   269				     ;			     BL	= Y LEFT CORNER	COORDS [0; 24]
1   270				     ; EXIT:	     NONE
1   271				     ; EXPECTS:	     ES	= 0b800h (VIDEO	SEGMENT)
1   272				     ; DESTROYS:     NONE
1   273				     ;------------------------------------------------
1   274
1   275	01D2			     PrintChar		     proc
1   276
1   277	01D2  57						     push di		     ; push (1)
1   278	01D3  50						     push ax		     ; push (2)
1   279
1   280	01D4  E8 FFE9						     call GetVideoPos
1   281
1   282	01D7  8B F8						     mov di, ax		     ; print( ax )
1   283	01D9  58						     pop ax		     ; pop  (2)
1   284	01DA  AB						     stosw
1   285
Turbo Assembler	 Version 4.1	    03/14/23 14:47:09	    Page 6
chg_resd.asm



1   286	01DB  5F						     pop di		     ; pop  (1)
1   287
1   288	01DC  C3						     ret
1   289	01DD							     endp
1   290
1   291				     ;------------------------------------------------
1   292				     ;	     PRINT STR IN (X; Y)
1   293				     ;------------------------------------------------
1   294				     ; ENTRY:	     AH	= SYM COLOR
1   295				     ;			     BH	= X LEFT CORNER	COORDS [0; 79]
1   296				     ;			     BL	= Y LEFT CORNER	COORDS [0; 24]
1   297				     ;			     CX	= STR ADDR
1   298				     ; EXIT:	     NONE
1   299				     ; EXPECTS:	     ES	     = 0b800h (VIDEO SEGMENT)
1   300				     ;			     END SYM = '\0' || '$' || '\r'
1   301				     ; DESTROYS:     NONE
1   302				     ;------------------------------------------------
1   303
1   304	01DD			     PrintStr		     proc
1   305
1   306	01DD  50						     push ax		     ; push (1)
1   307	01DE  53						     push bx		     ; push (2)
1   308	01DF  52						     push dx		     ; push (3)
1   309	01E0  56						     push si		     ; push (4)
1   310
1   311	01E1  8B F1						     mov si, cx		     ; SI = StrAddr
1   312
1   313	01E3  8A 14						     __Next:		     mov dl, [si]    ; DX = CurrSym
1   314
1   315	01E5  80 FA 00										     cmp dl, 0d		     ; if(  +
    316				     DL	== 0 )
1   317	01E8  74 14										     je	__End
1   318	01EA  80 FA 0D										     cmp dl, 13d	     ; if(  +
    319				     DL	== '\r'	)
1   320	01ED  74 0F										     je	__End
1   321	01EF  80 FA 24										     cmp dl, '$'	     ; if(  +
    322				     DL	== '$' )
1   323	01F2  74 0A										     je	__End
1   324
1   325	01F4  8A 04										     mov al, [si]    ; AL = CurrSym
1   326	01F6  E8 FFD9										     call PrintChar
1   327
1   328	01F9  FE C7										     inc bh		     ; X++
1   329	01FB  46										     inc si		     ;	    +
    330				     CurrSymPos++
1   331
1   332	01FC  E2 E5										     loop __Next
1   333	01FE							     __End:
1   334
1   335	01FE  5E						     pop si		     ; pop  (4)
1   336	01FF  5A						     pop dx		     ; pop  (3)
1   337	0200  58						     pop ax		     ; pop  (2)
1   338	0201  5B						     pop bx		     ; pop  (1)
1   339
1   340	0202  C3						     ret
1   341	0203							     endp
1   342
Turbo Assembler	 Version 4.1	    03/14/23 14:47:09	    Page 7
chg_resd.asm



1   343				     ;------------------------------------------------
1   344				     ;	     PRINT HORIZONTAL LINE IN (X; Y)
1   345				     ;------------------------------------------------
1   346				     ; ENTRY:	     AH	= SYM COLOR
1   347				     ;			     AL	= SYM CHAR
1   348				     ;			     BH	= X LEFT CORNER	COORDS [0; 79]
1   349				     ;			     BL	= Y LEFT CORNER	COORDS [0; 24]
1   350				     ;			     CH	= WIDTH
1   351				     ;			     DH	= LEFT	SYM
1   352				     ;			     DL	= RIGHT	SYM
1   353				     ; EXIT:	     NONE
1   354				     ; EXPECTS:	     ES	= 0b800h (VIDEO	SEGMENT)
1   355				     ; DESTROYS:     NONE
1   356				     ;------------------------------------------------
1   357
1   358	0203			     PrintHrzLine    proc
1   359
1   360	0203  80 FD 01						     cmp ch, 1			     ; if( ch <= 1 ) ret
1   361	0206  76 37						     jbe __End
1   362
1   363	0208  53						     push bx			     ; push (1)
1   364	0209  52						     push dx			     ; push (2)
1   365
1   366
1   367	020A  50						     push ax			     ; push (3)
1   368	020B  8A C6						     mov al, dh			     ; printf( "%c", LeftSym )
1   369	020D  E8 FFC2						     call PrintChar
1   370	0210  58						     pop ax			     ; pop  (3)
1   371
1   372	0211  50						     push ax			     ; push (4)
1   373	0212  53						     push bx			     ; push (5)
1   374	0213  02 FD						     add bh, ch			     ; X += ( WIDTH - 1	)
1   375	0215  80 EF 01						     sub bh, 1
1   376	0218  8A C2						     mov al, dl			     ; printf( "%c", RightSym )
1   377	021A  E8 FFB5						     call PrintChar
1   378	021D  5B						     pop bx			     ; pop  (5)
1   379	021E  58						     pop ax			     ; pop  (4)
1   380
1   381	021F  53						     push bx			     ; push (6)
1   382	0220  51						     push cx			     ; push (7)
1   383
1   384	0221  80 C7 01						     add bh, 1			     ; X += 1
1   385	0224  80 ED 02						     sub ch, 2			     ; WIDTH -=	2
1   386
1   387	0227  80 FD 00						     cmp ch, 0			     ; if( ch == 0 )
1   388	022A  74 0F						     je	     __EndPrinting
1   389
1   390	022C  33 D2						     xor dx, dx			     ; i = 0
1   391
1   392	022E  E8 FFA1						     __Next:		     call PrintChar
1   393
1   394	0231  FE C7										     inc bh
1   395	0233  FE C6										     inc dh
1   396
1   397	0235  3A F5										     cmp dh, ch
1   398	0237  74 02										     je	 __EndPrinting
1   399
Turbo Assembler	 Version 4.1	    03/14/23 14:47:09	    Page 8
chg_resd.asm



1   400	0239  EB F3										     jmp __Next
1   401
1   402	023B							     __EndPrinting:
1   403
1   404	023B  59						     pop cx			     ; pop  (7)
1   405	023C  5B						     pop bx			     ; pop  (6)
1   406
1   407
1   408	023D  5A						     pop dx			     ; pop  (2)
1   409	023E  5B						     pop bx			     ; pop  (1)
1   410
1   411	023F							     __End:
1   412	023F  C3						     ret
1   413	0240							     endp
1   414
1   415				     ;------------------------------------------------
1   416				     ;	     PRINT VERTICAL LINE IN (X;	Y)
1   417				     ;------------------------------------------------
1   418				     ; ENTRY:	     AH	= SYM COLOR
1   419				     ;			     AL	= SYM CHAR
1   420				     ;			     BH	= X LEFT CORNER	COORDS [0; 79]
1   421				     ;			     BL	= Y LEFT CORNER	COORDS [0; 24]
1   422				     ;			     CL	= HEIGHT
1   423				     ;			     DH	= TOP  SYM
1   424				     ;			     DL	= DOWN SYM
1   425				     ; EXIT:	     NONE
1   426				     ; EXPECTS:	     ES	= 0b800h (VIDEO	SEGMENT)
1   427				     ; DESTROYS:     NONE
1   428				     ;------------------------------------------------
1   429
1   430	0240			     PrintVrtLine    proc
1   431
1   432	0240  80 F9 01						     cmp cl, 1			     ; if( cl <= 1 ) ret
1   433	0243  76 37						     jbe __End
1   434
1   435	0245  53						     push bx			     ; push (1)
1   436	0246  52						     push dx			     ; push (2)
1   437
1   438
1   439	0247  50						     push ax			     ; push (3)
1   440	0248  8A C6						     mov al, dh			     ; printf( "%c", TopSym )
1   441	024A  E8 FF85						     call PrintChar
1   442	024D  58						     pop ax			     ; pop  (3)
1   443
1   444	024E  50						     push ax			     ; push (4)
1   445	024F  53						     push bx			     ; push (5)
1   446	0250  02 D9						     add bl, cl			     ; Y += ( HEIGHT - 1 )
1   447	0252  80 EB 01						     sub bl, 1
1   448	0255  8A C2						     mov al, dl			     ; printf( "%c", DownSym )
1   449	0257  E8 FF78						     call PrintChar
1   450	025A  5B						     pop bx			     ; pop  (5)
1   451	025B  58						     pop ax			     ; pop  (4)
1   452
1   453	025C  53						     push bx			     ; push (6)
1   454	025D  51						     push cx			     ; push (7)
1   455
1   456	025E  80 C3 01						     add bl, 1			     ; Y += 1
Turbo Assembler	 Version 4.1	    03/14/23 14:47:09	    Page 9
chg_resd.asm



1   457	0261  80 E9 02						     sub cl, 2			     ; HEIGHT -= 2
1   458
1   459	0264  80 F9 00						     cmp cl, 0			     ; if( cl == 0 )
1   460	0267  74 0F						     je	     __EndPrinting
1   461
1   462	0269  33 D2						     xor dx, dx			     ; i = 0
1   463
1   464	026B  E8 FF64						     __Next:		     call PrintChar
1   465
1   466	026E  FE C3										     inc bl
1   467	0270  FE C2										     inc dl
1   468
1   469	0272  3A D1										     cmp dl, cl
1   470	0274  74 02										     je	 __EndPrinting
1   471
1   472	0276  EB F3										     jmp __Next
1   473
1   474	0278							     __EndPrinting:
1   475
1   476	0278  59						     pop cx			     ; pop  (7)
1   477	0279  5B						     pop bx			     ; pop  (6)
1   478
1   479
1   480	027A  5A						     pop dx			     ; pop  (2)
1   481	027B  5B						     pop bx			     ; pop  (1)
1   482
1   483	027C							     __End:
1   484	027C  C3						     ret
1   485	027D							     endp
1   486
1   487				     ;------------------------------------------------
1   488				     ;	     PRINT BOX
1   489				     ;------------------------------------------------
1   490				     ; ENTRY:	     AX	= STR  ADDR
1   491				     ;			     BX	= DATA ADDR
1   492				     ; EXIT:	     NONE
1   493				     ; EXPECTS:	     ES	= 0b800h (VIDEO	SEGMENT)
1   494				     ; DESTROYS:     NONE
1   495				     ;------------------------------------------------
1   496
1   497				     ; User's type
1   498	027D  09*(00)		     Type_0  db		     9 dup (0)
1   499
1   500				     ; Template	types
1   501				     ;				     0		     1		     2		     3		    +
    502				     4		     5		     6		     7		     9
1   503				     ;				     lt		     ld		     rt		     rd		    +
    504				     lv		     rv		     th		     dh		     fill
1   505	0286  C9 C8 BB BC BA BA	CD+  Type_1  db		     0c9h,   0c8h,   0bbh,   0bch,   0bah,   0bah,   0cdh,   0cdh,   0d
    506	      CD 00
1   507	028F  03 03 03 03 03 03	03+  Type_2  db		     003h,   003h,   003h,   003h,   003h,   003h,   003h,   003h,   '-'
    508	      03 2D
1   509	0298  BC BB C8 C9 CD CD	BA+  Type_3  db		     0bch,   0bbh,   0c8h,   0c9h,   0cdh,   0cdh,   0bah,   0bah,   0d
    510	      BA 00
1   511	02A1  DA C0 BF D9 B3 B3	C4+  Type_4  db		     0dah,   0c0h,   0bfh,   0d9h,   0b3h,   0b3h,   0c4h,   0c4h,   0d
    512	      C4 00
1   513
Turbo Assembler	 Version 4.1	    03/14/23 14:47:09	    Page 10
chg_resd.asm



1   514	      =0000		     X_Num    =	0
1   515	      =0001		     Y_Num    =	1
1   516	      =0002		     W_Num    =	2
1   517	      =0003		     H_Num    =	3
1   518	      =0004		     Clr_Num  =	4
1   519	      =0005		     Type_Num =	5
1   520
1   521	02AA			     PrintBox		     proc
1   522
1   523	02AA  50						     push ax				     ; push (1)
1   524	02AB  53						     push bx				     ; push (2)
1   525	02AC  51						     push cx				     ; push (3)
1   526	02AD  52						     push dx				     ; push (4)
1   527	02AE  56						     push si				     ; push (5)
1   528	02AF  57						     push di				     ; push (6)
1   529	02B0  57						     push di				     ; push (7)
1   530
1   531	02B1  50						     push ax				     ; push (8)	<> push	STR +
    532				     ADDR
1   533
1   534	02B2  8B F3						     mov si, bx				     ; SI = DATA ADDR( BX )
1   535
1   536								     ; SET TYPE	BOX
1   537
1   538	02B4  33 C0						     xor ax, ax				     ; DI = Type_0 + Type * 9
1   539	02B6  8A 47 05						     mov al, bx[Type_Num]
1   540	02B9  B9 0009						     mov cx, 9d
1   541	02BC  F7 E1						     mul cx
1   542	02BE  8B F8						     mov di, ax
1   543	02C0  81 C7 027Dr					     add di, offset Type_0
1   544
1   545	02C4  8A 67 04						     mov ah, bx[Clr_Num]	     ; AH = Color
1   546
1   547	02C7  8A 6F 02						     mov ch, bx[W_Num]		     ; CH = WIDTH
1   548	02CA  8A 4F 03						     mov cl, bx[H_Num]		     ; CL = HEIGHT
1   549
1   550								     ; PRINT TOP HORIZONTAL LINE
1   551
1   552	02CD  8A 3C						     mov  bh, si[X_Num]		     ; BH = X
1   553	02CF  8A 5C 01						     mov  bl, si[Y_Num]		     ; BL = Y
1   554	02D2  8A 45 06						     mov  al, di[6]		     ; AL = horizontal sym
1   555	02D5  8A 35						     mov  dh, di[0]		     ; DH = left  top  sym
1   556	02D7  8A 55 02						     mov  dl, di[2]		     ; DL = right top  sym
1   557	02DA  E8 FF26						     call PrintHrzLine
1   558
1   559								     ; PRINT LEFT VERTICAL LINE
1   560
1   561	02DD  8A 3C						     mov  bh, si[X_Num]		     ; BH = X
1   562	02DF  8A 5C 01						     mov  bl, si[Y_Num]		     ; BL = Y
1   563	02E2  8A 45 04						     mov  al, di[4]		     ; AL = vertical  sym
1   564	02E5  8A 35						     mov  dh, di[0]		     ; DH = left top  sym
1   565	02E7  8A 55 01						     mov  dl, di[1]		     ; DL = left down sym
1   566	02EA  E8 FF53						     call PrintVrtLine
1   567
1   568	02ED  53						     push bx				     ; push (9)	<> push	(X; +
    569				     Y)
1   570
Turbo Assembler	 Version 4.1	    03/14/23 14:47:09	    Page 11
chg_resd.asm



1   571								     ; PRINT DOWN HORIZONTAL LINE
1   572
1   573	02EE  8A 3C						     mov  bh, si[X_Num]		     ; BH = X
1   574	02F0  8A 54 01						     mov  dl, si[Y_Num]		 ; Y +=	( HEIGHT - 1 )
1   575	02F3  02 D1						     add  dl, cl
1   576	02F5  80 EA 01						     sub  dl, 1
1   577	02F8  8A DA						     mov  bl, dl			     ; BL = Y
1   578	02FA  8A 45 07						     mov  al, di[7]		     ; AL = horizontal sym
1   579	02FD  8A 75 01						     mov  dh, di[1]		     ; DH = left  down sym
1   580	0300  8A 55 03						     mov  dl, di[3]		     ; DL = right down sym
1   581	0303  E8 FEFD						     call PrintHrzLine
1   582
1   583								     ; PRINT RIGHT VERTICAL LINE
1   584
1   585	0306  8A 14						     mov  dl, si[X_Num]		 ; X +=	( WIDTH	- 1 )
1   586	0308  02 D5						     add  dl, ch
1   587	030A  80 EA 01						     sub  dl, 1
1   588	030D  8A FA						     mov  bh, dl			     ; BH = X
1   589	030F  8A 5C 01						     mov  bl, si[Y_Num]		     ; BL = Y
1   590	0312  8A 45 05						     mov  al, di[5]		     ; AL = vertical   sym
1   591	0315  8A 75 02						     mov  dh, di[2]		     ; DH = right top  sym
1   592	0318  8A 55 03						     mov  dl, di[3]		     ; DL = right down sym
1   593	031B  E8 FF22						     call PrintVrtLine
1   594
1   595								     ; FILL BOX
1   596
1   597	031E  53						     push bx				     ; push (10)
1   598	031F  51						     push cx				     ; push (11)
1   599	0320  8A 3C						     mov  bh, si[X_Num]		     ; BH = X +	1
1   600	0322  80 C7 01						     add  bh, 1
1   601	0325  8A 5C 01						     mov  bl, si[Y_Num]		     ; BL = Y +	1
1   602	0328  80 C3 01						     add  bl, 1
1   603	032B  8A 45 08						     mov  al, di[8]		     ; AL = filling sym
1   604	032E  80 ED 02						     sub  ch, 2				     ; WIDTH  -= 2
1   605	0331  80 E9 02						     sub  cl, 2				     ; HEIGHT -= 2
1   606	0334  E8 FE4D						     call FillScreen
1   607	0337  59						     pop  cx				     ; pop  (11)
1   608	0338  5B						     pop  bx				     ; pop  (10)
1   609
1   610	0339  5B						     pop  bx				     ; pop  (9)	<> pop (X; Y)
1   611	033A  58						     pop  ax				     ; pop  (8)	<> pop STR  +
    612				     ADDR
1   613
1   614								     ; PRINT STR
1   615
1   616	033B  8B C8						     mov  cx, ax			     ; CX = STR	ADDR
1   617	033D  8B D8						     mov  bx, ax			     ; BX = STR	ADDR
1   618	033F  E8 0198						     call StrLen			     ; AX = len	of str
1   619	0342  F7 D8						     neg  ax				     ; AX = ( WIDTH - LEN ) +
    620				     / 2
1   621	0344  33 D2						     xor  dx, dx
1   622	0346  8A 54 02						     mov  dl, si[W_Num]
1   623	0349  03 C2						     add  ax, dx
1   624	034B  33 D2						     xor  dx, dx
1   625	034D  BF 0002						     mov  di, 2d
1   626	0350  F7 F7						     div  di
1   627	0352  8A 3C						     mov  bh, si[X_Num]		     ; X += AL
Turbo Assembler	 Version 4.1	    03/14/23 14:47:09	    Page 12
chg_resd.asm



1   628	0354  02 F8						     add  bh, al
1   629	0356  33 C0						     xor  ax, ax			     ; AX = HEIGHT / 2
1   630	0358  8A 44 03						     mov  al, si[H_Num]
1   631	035B  33 D2						     xor  dx, dx
1   632	035D  BF 0002						     mov  di, 2d
1   633	0360  F7 F7						     div  di
1   634	0362  8A 5C 01						     mov  bl, si[Y_Num]		     ; Y += AL
1   635	0365  02 D8						     add  bl, al
1   636	0367  8A 64 04						     mov  ah, si[Clr_Num]    ; AH = color
1   637	036A  E8 FE70						     call PrintStr
1   638
1   639	036D  5F						     pop di				     ; pop  (7)
1   640	036E  5F						     pop di				     ; pop  (6)
1   641	036F  5E						     pop si				     ; pop  (5)
1   642	0370  5A						     pop dx				     ; pop  (4)
1   643	0371  59						     pop cx				     ; pop  (3)
1   644	0372  5B						     pop bx				     ; pop  (2)
1   645	0373  58						     pop ax				     ; pop  (1)
1   646
1   647	0374  C3						     ret
1   648	0375							     endp
1   649
1   650				     ;------------------------------------------------
1   651				     ;	     ANIMATE BOX
1   652				     ;------------------------------------------------
1   653				     ; ENTRY:	     AX	= STR  ADDR
1   654				     ;			     BX	= DATA ADDR
1   655				     ; EXIT:	     NONE
1   656				     ; EXPECTS:	     ES	= 0b800h (VIDEO	SEGMENT)
1   657				     ; DESTROYS:     NONE
1   658				     ;------------------------------------------------
1   659
1   660	0375  00		     EmptyStr db	     0
1   661	0376  14*(00)		     BoxData  db     20	dup (0)
1   662
1   663	038A			     AnimBox		     proc
1   664
1   665	038A  53						     push bx		     ; push (1)
1   666	038B  51						     push cx		     ; push (2)
1   667	038C  52						     push dx		     ; push (3)
1   668
1   669	038D  8B CB						     mov  cx, bx
1   670	038F  BB 0376r						     mov  bx, offset BoxData
1   671	0392  BA 0014						     mov  dx, 20d
1   672	0395  E8 019C						     call memcpy
1   673
1   674	0398  33 C9						     xor  cx, cx	     ; i = 0
1   675
1   676	039A  8A 36 0378r					     mov  dh, BoxData[W_Num]
1   677	039E  8A 16 0379r					     mov  dl, BoxData[H_Num]
1   678
1   679	03A2  C6 06 0378r 03					     mov  BoxData[W_Num], 3d
1   680	03A7  C6 06 0379r 03					     mov  BoxData[H_Num], 3d
1   681
1   682	03AC  50						     push ax		     ; push (4)
1   683	03AD  B8 0375r						     mov  ax, offset EmptyStr
1   684
Turbo Assembler	 Version 4.1	    03/14/23 14:47:09	    Page 13
chg_resd.asm



1   685	03B0  E8 FEF7						     __Next:		     call PrintBox
1   686
1   687	03B3  38 36 0378r									     cmp byte ptr BoxData[W_Num], dh+
    688				     ; if( CURR_WIDTH == WIDTH )
1   689	03B7  74 04										     je	__NoIncW
1   690	03B9  FE 06 0378r									     inc BoxData[W_Num]
1   691
1   692	03BD											     __NoIncW:
1   693
1   694	03BD  38 16 0379r									     cmp byte ptr BoxData[H_Num], dl+
    695				     ; if( CURR_HEIGHT == HEIGHT )
1   696	03C1  74 04										     je	__NoIncH
1   697	03C3  FE 06 0379r									     inc BoxData[H_Num]
1   698
1   699	03C7											     __NoIncH:
1   700
1   701	03C7  41										     inc cx			    +
    702				     ; i++
1   703
1   704	03C8  83 F9 11										     cmp cx, 17d
1   705	03CB  74 0D										     je	__End
1   706
1   707	03CD  50										     push ax			    +
    708				     ; push (5)
1   709	03CE  51										     push cx			    +
    710				     ; push (6)
1   711	03CF  B4 86										     mov  ah, 86h
1   712	03D1  B9 0001										     mov  cx, 1d
1   713	03D4  CD 15										     int  15h
1   714	03D6  59										     pop  cx			    +
    715				     ; pop  (6)
1   716	03D7  58										     pop  ax			    +
    717				     ; pop  (5)
1   718
1   719	03D8  EB D6										     jmp __Next
1   720
1   721	03DA							     __End:
1   722	03DA  58						     pop ax		     ; pop  (4)
1   723
1   724	03DB  88 36 0378r					     mov BoxData[W_Num], dh
1   725	03DF  88 16 0379r					     mov BoxData[H_Num], dl
1   726
1   727	03E3  E8 FEC4						     call PrintBox
1   728
1   729	03E6  5A						     pop dx		     ; pop  (3)
1   730	03E7  59						     pop cx		     ; pop  (2)
1   731	03E8  5B						     pop bx		     ; pop  (1)
1   732
1   733	03E9  C3						     ret
1   734	03EA							     endp
1   735
1   736				     ;------------------------------------------------
1   737				     ;	     INPUT STR
1   738				     ;------------------------------------------------
1   739				     ; ENTRY:	     NONE
1   740				     ; EXIT:	     AX	= STR LEN
1   741				     ; DESTROYS:     AX
Turbo Assembler	 Version 4.1	    03/14/23 14:47:09	    Page 14
chg_resd.asm



1   742				     ;------------------------------------------------
1   743
1   744	      =0064		     InputLen =	100
1   745	03EA  64*(00)		     InputStr db     InputLen dup (0)
1   746
1   747	044E			     Input		     proc
1   748
1   749	044E  52						     push dx		     ; push (1)
1   750	044F  33 D2						     xor  dx, dx	     ; i = 0
1   751
1   752	0451  B4 01						     __Next:		     mov ah, 01h			    +
    753				     ; input char
1   754	0453  CD 21										     int 21h
1   755
1   756	0455  56										     push si			    +
    757				     ; push (2)
1   758
1   759	0456  33 F6										     xor si, si			    +
    760				     ; SI = 0
1   761
1   762	0458  BE 03EAr										     mov si, offset InputStr	    +
    763				     ; SI = InputStr + DX
1   764	045B  03 F2										     add si, dx
1   765
1   766	045D  88 04										     mov [si], al
1   767
1   768	045F  5E										     pop si			    +
    769				     ; pop  (2)
1   770
1   771	0460  3C 0D										     cmp al, 13d		    +
    772				     ; if( al == '\r' )
1   773	0462  74 06										     je	__End
1   774
1   775	0464  42										     inc dx			    +
    776				     ; i++
1   777	0465  83 FA 64										     cmp dx, InputLen		    +
    778				     ; if( i ==	InputLen )
1   779	0468  75 E7										     jne __Next
1   780
1   781	046A							     __End:
1   782
1   783	046A  8B C2						     mov ax, dx
1   784	046C  5A						     pop dx		     ; pop  (1)
1   785
1   786	046D  C3						     ret
1   787	046E							     endp
1   788
1   789				     ;------------------------------------------------
1   790				     ;	     COPY SCREEN BOX TO	BUFFER
1   791				     ;	     USE WORD BUFFER WITH WIDTH	* HEIGHT SIZE
1   792				     ;------------------------------------------------
1   793				     ; ENTRY:	     AX	= BUFF ADDR
1   794				     ;			     BH	= X LEFT CORNER	COORDS [0; 79]
1   795				     ;			     BL	= Y LEFT CORNER	COORDS [0; 24]
1   796				     ;			     CH	= WIDTH
1   797				     ;			     CL	= HEIGHT
1   798				     ; EXIT:	     NONE
Turbo Assembler	 Version 4.1	    03/14/23 14:47:09	    Page 15
chg_resd.asm



1   799				     ; EXPECTS:	     ES	= 0b800h (VIDEO	SEGMENT)
1   800				     ; DESTROYS:     NONE
1   801				     ;------------------------------------------------
1   802
1   803	046E			     BoxCpy		     proc
1   804
1   805	046E  50 53 51 52 57 56					     push ax bx	cx dx di si
1   806
1   807	0474  8B F8						     mov  di, ax		     ; DI = BuffAddr
1   808
1   809	0476  E8 FD47						     call GetVideoPos
1   810	0479  8B F0						     mov  si, ax		     ; SI = ScreenPos
1   811
1   812	047B  D0 E5						     shl ch, 1			     ; WIDTH *=	2
1   813
1   814	047D  33 D2						     xor dx, dx			     ; set DX =	N for memcpy
1   815	047F  8A D5						     mov dl, ch
1   816
1   817	0481  8B DF						     mov bx, di			     ; BX = BuffAddr
1   818
1   819	0483  51						     __Next:			     push cx
1   820	0484  8B CE											     mov  cx, si
1   821	0486  E8 00AB											     call memcpy
1   822	0489  59											     pop  cx
1   823
1   824	048A  FE C9											     dec cl		    +
    825				     ; HEIGHT--
1   826
1   827	048C  80 F9 00											     cmp cl, 0		    +
    828				     ; if( HEIGHT == 0 )
1   829	048F  74 08											     je	__End
1   830
1   831	0491  81 C6 00A0										     add si, 160d	    +
    832				     ; ScreenPos += 2*80
1   833	0495  03 DA											     add bx, dx		    +
    834				     ; BuffAddr	 += 2*WIDTH
1   835
1   836	0497  EB EA											     jmp __Next
1   837	0499							     __End:
1   838
1   839	0499  5E 5F 5A 59 5B 58					     pop si di dx cx bx	ax
1   840
1   841	049F  C3						     ret
1   842	04A0							     endp
1   843
1   844				     ;------------------------------------------------
1   845				     ;	     PASTE BUFFER BOX TO SCREEN
1   846				     ;	     USE WORD BUFFER WITH WIDTH	* HEIGHT SIZE
1   847				     ;------------------------------------------------
1   848				     ; ENTRY:	     AX	= BUFF ADDR
1   849				     ;			     BH	= X LEFT CORNER	COORDS [0; 79]
1   850				     ;			     BL	= Y LEFT CORNER	COORDS [0; 24]
1   851				     ;			     CH	= WIDTH
1   852				     ;			     CL	= HEIGHT
1   853				     ; EXIT:	     NONE
1   854				     ; EXPECTS:	     ES	= 0b800h (VIDEO	SEGMENT)
1   855				     ; DESTROYS:     NONE
Turbo Assembler	 Version 4.1	    03/14/23 14:47:09	    Page 16
chg_resd.asm



1   856				     ;------------------------------------------------
1   857
1   858	04A0			     BoxPaste		     proc
1   859
1   860	04A0  50 53 51 52 57 56	1E+				     push ax bx	cx dx di si ds es
    861	      06
1   862
1   863	04A8  8B F8						     mov  di, ax		     ; DI = BuffAddr
1   864
1   865	04AA  E8 FD13						     call GetVideoPos
1   866	04AD  8B F0						     mov  si, ax		     ; SI = ScreenPos
1   867
1   868	04AF  D0 E5						     shl ch, 1			     ; WIDTH *=	2
1   869
1   870	04B1  33 D2						     xor dx, dx			     ; set DX =	N for memcpy
1   871	04B3  8A D5						     mov dl, ch
1   872
1   873	04B5  8B DE						     mov bx, si			     ; DESTINATION = ScreenPos
1   874
1   875	04B7  06 1E						     push es ds			     ; swap( DS, ES )
1   876	04B9  07 1F						     pop  es ds
1   877
1   878	04BB  51						     __Next:			     push cx
1   879	04BC  8B CF											     mov  cx, di	    +
    880				     ; SOURCE =	BuffAddr
1   881	04BE  E8 0073											     call memcpy
1   882	04C1  59											     pop  cx
1   883
1   884	04C2  FE C9											     dec cl		    +
    885				     ; HEIGHT--
1   886
1   887	04C4  80 F9 00											     cmp cl, 0		    +
    888				     ; if( HEIGHT == 0 )
1   889	04C7  74 08											     je	__End
1   890
1   891
1   892	04C9  03 FA											     add di, dx		    +
    893				     ; BuffAddr	 += 2*WIDTH
1   894	04CB  81 C3 00A0										     add bx, 160d	    +
    895				     ; ScreenPos += 2*80
1   896
1   897	04CF  EB EA											     jmp __Next
1   898	04D1							     __End:
1   899
1   900	04D1  07 1F 5E 5F 5A 59	5B+				     pop es ds si di dx	cx bx ax
    901	      58
1   902
1   903	04D9  C3						     ret
1   904	04DA							     endp
1   905
1   906				     ;------------------------------------------------
1   907
    908				     include	     STR_HNDL.ASM    ; Str handler
1   909
1   910				     ;------------------------------------------------
1   911				     ;	     GET STR LEN
1   912				     ;------------------------------------------------
Turbo Assembler	 Version 4.1	    03/14/23 14:47:09	    Page 17
chg_resd.asm



1   913				     ; ENTRY:	     BX	= STR ADDR
1   914				     ; EXIT:	     AX	= LEN
1   915				     ; EXPECTS:	 END SYM = '\0'
1   916				     ; DESTROYS: AX
1   917				     ;------------------------------------------------
1   918
1   919	04DA			     StrLen	     proc
1   920
1   921	04DA  33 C0				     xor ax, ax	     ; i = 0
1   922
1   923	04DC  51 56						     push cx si		     ; push (1)	(2)
1   924
1   925	04DE  8B F3				     __Next:		     mov  si, bx     ; SI = BX + i
1   926	04E0  03 F0										 add  si, ax
1   927
1   928	04E2  40										     inc  ax		     ; i++
1   929	04E3  8B 0C										     mov  cx, [si]   ; CX = current +
    930				     symbol
1   931
1   932	04E5  80 FD 00										     cmp  ch, 0d     ; if( ch ==    +
    933				     '\0' )
1   934	04E8  74 02										     je	__End
1   935
1   936	04EA  EB F2										     jmp __Next
1   937
1   938	04EC							     __End:
1   939	04EC  5E 59						     pop si cx		     ; pop  (2)	(1)
1   940
1   941	04EE  C3				     ret
1   942	04EF					     endp
1   943
1   944				     ;------------------------------------------------
1   945				     ;	     GET ADDR OF CHR IN	ARR
1   946				     ;	     RET NULL IF NOT FOUND
1   947				     ;------------------------------------------------
1   948				     ; ENTRY:	     BX	= ARR ADDR
1   949				     ;			     CL	= CHR
1   950				     ;			     DX	= LEN OF THE COMPARED PART (IN BYTES)
1   951				     ; EXIT:	     AX	= ADDR OF CHR
1   952				     ; DESTROYS: AX
1   953				     ;------------------------------------------------
1   954
1   955	04EF			     MemChr		     proc
1   956
1   957	04EF  56						     push si		     ; push (1)
1   958
1   959	04F0  33 C0						     xor ax, ax		     ; AX = NULL
1   960	04F2  33 F6						     xor si, si		     ; i  = 0
1   961
1   962	04F4  83 FA 00						     cmp dx, 0d		     ; if( len == 0 )
1   963	04F7  74 0F						     je	__End
1   964
1   965	04F9  38 08						     __Next:		     cmp bx[si], cl	     ; if( Addr[i]  +
    966				     ==	CHR )
1   967	04FB  74 07										     je	__Found
1   968
1   969	04FD  46										     inc si
Turbo Assembler	 Version 4.1	    03/14/23 14:47:09	    Page 18
chg_resd.asm



1   970
1   971	04FE  3B F2										     cmp si, dx
1   972	0500  74 06										     je	__End
1   973
1   974	0502  EB F5										     jmp __Next
1   975
1   976	0504  8B C3						     __Found:		     mov ax, bx			     ; AX = +
    977				     ArrAddr + i
1   978	0506  03 C6										     add ax, si
1   979
1   980	0508							     __End:
1   981	0508  5E						     pop si		     ; pop  (1)
1   982
1   983	0509  C3						     ret
1   984	050A							     endp
1   985
1   986				     ;------------------------------------------------
1   987				     ;	     GET ADDR OF CHR IN	STR
1   988				     ;	     RET NULL IF NOT FOUND
1   989				     ;------------------------------------------------
1   990				     ; ENTRY:	     BX	= ARR ADDR
1   991				     ;			     CL	= CHR
1   992				     ; EXIT:	     AX	= ADDR OF CHR
1   993				     ; EXPECTS:	 END SYM = '\0'
1   994				     ; DESTROYS: AX
1   995				     ;------------------------------------------------
1   996
1   997	050A			     StrChr		     proc
1   998
1   999	050A  56						     push si		     ; push (1)
1  1000
1  1001	050B  33 C0						     xor ax, ax		     ; AX = NULL
1  1002	050D  33 F6						     xor si, si		     ; i  = 0
1  1003
1  1004	050F  38 08						     __Next:		     cmp byte ptr bx[si], cl	     ; if(  +
   1005				     Addr[i] ==	CHR )
1  1006	0511  74 08										     je	__Found
1  1007	0513  80 38 00										     cmp byte ptr bx[si], 0d	    +
   1008				     ; if( Addr[i] == '\0' )
1  1009	0516  74 07										     je	__End
1  1010
1  1011	0518  46										     inc si
1  1012
1  1013	0519  EB F4										     jmp __Next
1  1014
1  1015	051B  8B C3						     __Found:		     mov ax, bx				    +
   1016				     ; AX = ArrAddr + i
1  1017	051D  03 C6										     add ax, si
1  1018
1  1019	051F							     __End:
1  1020	051F  5E						     pop si		     ; pop  (1)
1  1021
1  1022	0520  C3						     ret
1  1023	0521							     endp
1  1024
1  1025				     ;------------------------------------------------
1  1026				     ;	     THE MEMSET	FUNCTION FILLS
Turbo Assembler	 Version 4.1	    03/14/23 14:47:09	    Page 19
chg_resd.asm



1  1027				     ;	     THE FIRST N BYTES OF THE MEMORY
1  1028				     ;	     LOCATION POINTED TO BY THE
1  1029				     ;	     DESTINATION ARGUMENT WITH THE
1  1030				     ;	     CHARACTER SPECIFIED BY THE	CHR ARGUMENT
1  1031				     ;------------------------------------------------
1  1032				     ; ENTRY:	     BX	= DESTINATION
1  1033				     ;			     CL	= CHR
1  1034				     ;			     DX	= N
1  1035				     ; EXIT:	     NONE
1  1036				     ; DESTROYS: NONE
1  1037				     ;------------------------------------------------
1  1038
1  1039	0521			     MemSet		     proc
1  1040
1  1041	0521  56						     push si		     ; push (1)
1  1042
1  1043	0522  33 F6						     xor si, si		     ; i = 0
1  1044
1  1045	0524  83 FA 00						     cmp dx, 0d		     ; if( N ==	0 )
1  1046	0527  74 09						     je	__End
1  1047
1  1048	0529  88 08						     __Next:		     mov byte ptr bx[si], cl	     ; BX[i]+
   1049				     = CHR
1  1050
1  1051	052B  46										     inc si			    +
   1052				     ; i++
1  1053
1  1054	052C  3B F2										     cmp si, dx			    +
   1055				     ; if( i ==	N )
1  1056	052E  74 02										     je	__End
1  1057
1  1058	0530  EB F7										     jmp __Next
1  1059	0532							     __End:
1  1060	0532  5E						     pop     si			     ; pop  (1)
1  1061
1  1062	0533  C3						     ret
1  1063	0534							     endp
1  1064
1  1065				     ;------------------------------------------------
1  1066				     ;	     THE MEMCPY	FUNCTION COPIES	N BYTES
1  1067				     ;	     FROM THE ARRAY (SOURCE) TO	THE ARRAY
1  1068				     ;	     (DESTINATION). IF THE ARRAYS OVERLAP,
1  1069				     ;	     THE RESULT	OF THE COPY WILL BE UNDEFINED
1  1070				     ;------------------------------------------------
1  1071				     ; ENTRY:	     BX	= DESTINATION
1  1072				     ;			     CX	= SOURCE
1  1073				     ;			     DX	= N
1  1074				     ; EXPECTS:	     DS	= DESTINATION SEG
1  1075				     ;			     ES	= SOURCE      SEG
1  1076				     ; EXIT:	     NONE
1  1077				     ; DESTROYS: NONE
1  1078				     ;------------------------------------------------
1  1079
1  1080	0534			     MemCpy		     proc
1  1081
1  1082	0534  56 55						     push si bp		     ; push (1)	(2)
1  1083
Turbo Assembler	 Version 4.1	    03/14/23 14:47:09	    Page 20
chg_resd.asm



1  1084	0536  8B E9						     mov bp, cx		     ; BP = CX
1  1085
1  1086	0538  33 F6						     xor si, si		     ; i = 0
1  1087
1  1088	053A  83 FA 00						     cmp dx, 0		     ; if( N ==	0 )
1  1089	053D  74 0E						     je	__End
1  1090
1  1091	053F  52						     __Next:		     push dx				    +
   1092				     ; push (3)
1  1093	0540  26: 8A 12										     mov  dl, es:bp[si]
1  1094	0543  88 10										     mov  byte ptr ds:bx[si], dl    +
   1095				     ; DS:BX[i]	= ES:CX[i]
1  1096	0545  5A										     pop  dx			    +
   1097				     ; pop  (3)
1  1098
1  1099	0546  46										     inc si			    +
   1100				     ; i++
1  1101
1  1102	0547  3B F2										     cmp si, dx			    +
   1103				     ; if( N ==	i )
1  1104	0549  74 02										     je	__End
1  1105
1  1106	054B  EB F2										     jmp __Next
1  1107
1  1108	054D							     __End:
1  1109	054D  5D 5E						     pop bp si		     ; pop  (2)	(1)
1  1110
1  1111	054F  C3						     ret
1  1112	0550							     endp
1  1113
1  1114				     ;------------------------------------------------
1  1115				     ;	     THE STRCPY	FUNCTION COPIES	THE DATA FROM
1  1116				     ;	     THE SOURCE	ARGUMENT TO THE	DESTINATION
1  1117				     ;	     UNTIL THE END-OF-LINE( NULL ) CHARACTER
1  1118				     ;	     IS	ENCOUNTERED.
1  1119				     ;	     COPYING IS	DONE ALONG WITH	THE
1  1120				     ;	     END-OF-LINE CHARACTER
1  1121				     ;------------------------------------------------
1  1122				     ; ENTRY:	     BX	= DESTINATION
1  1123				     ;			     CX	= SOURCE
1  1124				     ; EXIT:	     NONE
1  1125				     ; DESTROYS: NONE
1  1126				     ;------------------------------------------------
1  1127
1  1128	0550			     StrCpy		     proc
1  1129
1  1130	0550  52 56 55						     push dx si	bp   ; push (1)	(2) (3)
1  1131
1  1132	0553  8B E9						     mov bp, cx		     ; BP = CX
1  1133
1  1134	0555  33 F6						     xor si, si		     ; i = 0
1  1135
1  1136	0557  8A 12						     __Next:		     mov dl, bp[si]
1  1137	0559  88 10										     mov byte ptr bx[si], dl	    +
   1138				     ; BX[i] = CX[i]
1  1139
1  1140	055B  80 3A 00										     cmp byte ptr bp[si], 0d	    +
Turbo Assembler	 Version 4.1	    03/14/23 14:47:09	    Page 21
chg_resd.asm



   1141				     ; if( CX[i] == 0 )
1  1142	055E  74 03										     je	__End
1  1143
1  1144	0560  46										     inc si			    +
   1145				     ; i++
1  1146
1  1147	0561  EB F4										     jmp __Next
1  1148
1  1149	0563							     __End:
1  1150	0563  5D 5E 5A						     pop bp si dx    ; pop  (3)	(2) (1)
1  1151
1  1152	0566  C3						     ret
1  1153	0567							     endp
1  1154
1  1155				     ;------------------------------------------------
1  1156				     ;	     THE MEMCMP	FUNCTION COMPARES, BYTE	BY BYTE,
1  1157				     ;	     THE TWO ARRAYS ARR_1 AND ARR_2.
1  1158				     ;	     THE COMPARISON CONTINUES UNTIL N BYTES
1  1159				     ;	     HAVE BEEN CHECKED OR UNTIL	DIFFERENT
1  1160				     ;	     BYTES ARE ENCOUNTERED.
1  1161				     ;------------------------------------------------
1  1162				     ; ENTRY:	     BX	= ARR_1
1  1163				     ;			     CX	= ARR_2
1  1164				     ;			     DX	= N
1  1165				     ; EXIT:	     AX	= 0 ( ARR_1[i] == ARR_2[i] : FOR i in [0; N-1] )
1  1166				     ;			     AX	> 0 ( ARR_1[i] >  ARR_2[i] )
1  1167				     ;			     AX	< 0 ( ARR_1[i] <  ARR_2[i] )
1  1168				     ; DESTROYS: AX
1  1169				     ;------------------------------------------------
1  1170
1  1171	0567			     MemCmp		     proc
1  1172
1  1173	0567  56 55						     push si bp		     ; push (1)	(2)
1  1174
1  1175	0569  8B E9						     mov bp, cx		     ; BP = CX
1  1176
1  1177	056B  33 F6						     xor si, si		     ; i  = 0
1  1178
1  1179	056D  83 FA 00						     cmp dx, 0d		     ; if( N ==	0 )
1  1180	0570  74 18						     je	__End
1  1181
1  1182	0572  33 C0						     __Next:		     xor  ax, ax			    +
   1183				     ; AX  = 0
1  1184	0574  8A 00										     mov  al, bx[si]		    +
   1185				     ; AL  = BX[i]
1  1186	0576  52										     push dx			    +
   1187				     ; push (3)
1  1188	0577  33 D2										     xor  dx, dx		    +
   1189				     ; DX = 0
1  1190	0579  8A 12										     mov  dl, bp[si]
1  1191	057B  2B C2										     sub  ax, dx		    +
   1192				     ; AX -= CX[i]
1  1193	057D  5A										     pop  dx			    +
   1194				     ; pop  (3)
1  1195
1  1196	057E  3D 0000										     cmp ax, 0d			    +
   1197				     ; if( AX != 0 )
Turbo Assembler	 Version 4.1	    03/14/23 14:47:09	    Page 22
chg_resd.asm



1  1198	0581  75 07										     jne __End
1  1199
1  1200	0583  46										     inc si
1  1201
1  1202	0584  3B F2										     cmp si, dx			    +
   1203				     ; if( i ==	N )
1  1204	0586  74 02										     je	__End
1  1205
1  1206	0588  EB E8										     jmp __Next
1  1207	058A							     __End:
1  1208	058A  5D 5E						     pop bp si		     ; pop  (2)	(1)
1  1209
1  1210	058C  C3						     ret
1  1211	058D							     endp
1  1212
1  1213				     ;------------------------------------------------
1  1214				     ;	     THE MEMCMP	FUNCTION COMPARES, BYTE	BY BYTE,
1  1215				     ;	     THE TWO STRINGS STR_1 AND STR_2.
1  1216				     ;	     THE COMPARISON CONTINUES UNTIL THE
1  1217				     ;	     END-OF-LINE( NULL ) OR UNTIL DIFFERENT
1  1218				     ;	     BYTES ARE ENCOUNTERED.
1  1219				     ;------------------------------------------------
1  1220				     ; ENTRY:	     BX	= STR_1
1  1221				     ;			     CX	= STR_2
1  1222				     ; EXIT:	     AX	= 0 ( STR_1[i] == STR_2[i] : FOR ALL i )
1  1223				     ;			     AX	> 0 ( STR_1[i] >  STR_2[i] )
1  1224				     ;			     AX	< 0 ( STR_1[i] <  STR_2[i] )
1  1225				     ; DESTROYS: AX
1  1226				     ;------------------------------------------------
1  1227
1  1228	058D			     StrCmp		     proc
1  1229
1  1230	058D  56 55						     push si bp		     ; push (1)	(2)
1  1231
1  1232	058F  8B E9						     mov bp, cx		     ; BP = CX
1  1233
1  1234	0591  33 F6						     xor si, si		     ; i  = 0
1  1235
1  1236	0593  33 C0						     __Next:		     xor  ax, ax			    +
   1237				     ; AX  = 0
1  1238	0595  8A 00										     mov  al, bx[si]		    +
   1239				     ; AL  = BX[i]
1  1240	0597  52										     push dx			    +
   1241				     ; push (3)
1  1242	0598  33 D2										     xor  dx, dx		    +
   1243				     ; DX = 0
1  1244	059A  8A 12										     mov  dl, bp[si]
1  1245	059C  2B C2										     sub  ax, dx		    +
   1246				     ; AX -= CX[i]
1  1247	059E  5A										     pop  dx			    +
   1248				     ; pop  (3)
1  1249
1  1250	059F  3D 0000										     cmp ax, 0d			    +
   1251				     ; if( AX != 0 )
1  1252	05A2  75 08										     jne __End
1  1253
1  1254	05A4  80 38 00										     cmp byte ptr bx[si], 0d	    +
Turbo Assembler	 Version 4.1	    03/14/23 14:47:09	    Page 23
chg_resd.asm



   1255				     ; if( BX[i] == 0 )
1  1256	05A7  74 03										     je	__End
1  1257
1  1258	05A9  46										     inc si
1  1259
1  1260	05AA  EB E7										     jmp __Next
1  1261	05AC							     __End:
1  1262	05AC  5D 5E						     pop bp si		     ; pop  (2)	(1)
1  1263
1  1264	05AE  C3						     ret
1  1265	05AF							     endp
1  1266
1  1267				     ;------------------------------------------------
1  1268				     ;	     TRANSLATE STR TO NUMBER
1  1269				     ;------------------------------------------------
1  1270				     ; ENTRY:	     BX	= STR ADDR
1  1271				     ; EXIT:	     AX	= NUM
1  1272				     ; EXPECTS:	     CX	= STR LEN
1  1273				     ; DESTROYS:     AX
1  1274				     ;------------------------------------------------
1  1275
1  1276	05AF			     Atoi		     proc
1  1277
1  1278	05AF  33 C0						     xor ax, ax		     ; AX = 0
1  1279
1  1280	05B1  52 56						     push dx si		     ; push (1)	(2)
1  1281
1  1282	05B3  33 D2						     xor dx, dx		     ; i = 0
1  1283
1  1284	05B5  8B F3						     __Next:		     mov si, bx		     ; SI = BX +    +
   1285				     STR_LEN - i
1  1286	05B7  03 F1										     add si, cx
1  1287	05B9  2B F2										     sub si, dx
1  1288	05BB  83 EE 01										     sub si, 1
1  1289
1  1290	05BE  51										     push cx		     ; push +
   1291				     (3)
1  1292
1  1293	05BF  50										     push ax		     ; push +
   1294				     (4)
1  1295	05C0  33 C0										     xor  ax, ax     ; AX = 0
1  1296	05C2  8A 04										     mov  al, [si]   ; AX = [SI] -  +
   1297				     '0'
1  1298	05C4  2C 30										     sub  al, 48d
1  1299
1  1300	05C6  52										     push dx		     ; push +
   1301				     (5)
1  1302	05C7  8B CA										     mov  cx, dx	     ; AX = +
   1303				     AX	* 10^DX
1  1304	05C9  BE 000A										     mov  si, 10d
1  1305	05CC  E3 08										     jcxz __NoMul
1  1306
1  1307	05CE  F7 E6										     __Mul:		     mul si
1  1308
1  1309	05D0  49														    +
   1310				     dec cx
1  1311	05D1  83 F9 00														    +
Turbo Assembler	 Version 4.1	    03/14/23 14:47:09	    Page 24
chg_resd.asm



   1312				     cmp cx, 0
1  1313	05D4  75 F8														    +
   1314				     jne __Mul
1  1315
1  1316	05D6											     __NoMul:
1  1317	05D6  5A										     pop  dx		     ; pop  +
   1318				     (5)
1  1319	05D7  8B C8										     mov  cx, ax
1  1320
1  1321	05D9  58										     pop ax		     ; pop  +
   1322				     (4)
1  1323	05DA  03 C1										     add ax, cx
1  1324	05DC  59										     pop cx		     ; pop  +
   1325				     (3)
1  1326
1  1327	05DD  42										     inc dx		     ; i++
1  1328
1  1329	05DE  3B D1										     cmp dx, cx		     ; if( i+
   1330				     ==	CX )
1  1331	05E0  75 D3										     jne __Next
1  1332
1  1333	05E2  5E 5A						     pop si dx		     ; pop  (2)	(1)
1  1334
1  1335	05E4  C3						     ret
1  1336	05E5							     endp
1  1337
1  1338				     ;------------------------------------------------
   1339
   1340	05E5			     EOP:
   1341
   1342				     end		     Start
Turbo Assembler	 Version 4.1	    03/14/23 14:47:09	    Page 25
Symbol Table




Symbol Name			  Type	 Value

??DATE				  Text	 "03/14/23"
??FILENAME			  Text	 "chg_resd"
??TIME				  Text	 "14:47:09"
??VERSION			  Number 040A
@32BIT				  Text	 0
@CODE				  Text	 DGROUP
@CODESIZE			  Text	 0
@CPU				  Text	 0707H
@CURSEG				  Text	 _TEXT
@DATA				  Text	 DGROUP
@DATASIZE			  Text	 0
@FILENAME			  Text	 CHG_RESD
@INTERFACE			  Text	 000H
@MODEL				  Text	 1
@STACK				  Text	 DGROUP
@WORDSIZE			  Text	 2
ANIMBOX				  Near	 DGROUP:038A
ATOI				  Near	 DGROUP:05AF
BOXCPY				  Near	 DGROUP:046E
BOXDATA				  Byte	 DGROUP:0376
BOXPASTE			  Near	 DGROUP:04A0
CLRSCREEN			  Near	 DGROUP:01B2
CLR_NUM				  Number 0004
CRACKCODE			  Byte	 DGROUP:012D
CRACKPOS			  Number 010E
EMPTYSTR			  Byte	 DGROUP:0375
EOP				  Near	 DGROUP:05E5
FILLSCREEN			  Near	 DGROUP:0184
GETVIDEOPOS			  Near	 DGROUP:01C0
H_NUM				  Number 0003
INPUT				  Near	 DGROUP:044E
INPUTLEN			  Number 0064
INPUTSTR			  Byte	 DGROUP:03EA
MEMCHR				  Near	 DGROUP:04EF
MEMCMP				  Near	 DGROUP:0567
MEMCPY				  Near	 DGROUP:0534
MEMSET				  Near	 DGROUP:0521
NEW09				  Near	 DGROUP:0135
OLD_09_OFS			  Word	 DGROUP:017F
OLD_09_SEG			  Word	 DGROUP:0181
PRINTBOX			  Near	 DGROUP:02AA
PRINTCHAR			  Near	 DGROUP:01D2
PRINTHRZLINE			  Near	 DGROUP:0203
PRINTSTR			  Near	 DGROUP:01DD
PRINTVRTLINE			  Near	 DGROUP:0240
START				  Near	 DGROUP:0100
STRCHR				  Near	 DGROUP:050A
STRCMP				  Near	 DGROUP:058D
STRCPY				  Near	 DGROUP:0550
STRLEN				  Near	 DGROUP:04DA
TYPE_0				  Byte	 DGROUP:027D
TYPE_1				  Byte	 DGROUP:0286
TYPE_2				  Byte	 DGROUP:028F
TYPE_3				  Byte	 DGROUP:0298
Turbo Assembler	 Version 4.1	    03/14/23 14:47:09	    Page 26
Symbol Table



TYPE_4				  Byte	 DGROUP:02A1
TYPE_NUM			  Number 0005
W_NUM				  Number 0002
X_NUM				  Number 0000
Y_NUM				  Number 0001
__END				  Near	 DGROUP:01A0
__END				  Near	 DGROUP:01FE
__END				  Near	 DGROUP:023F
__END				  Near	 DGROUP:027C
__END				  Near	 DGROUP:03DA
__END				  Near	 DGROUP:046A
__END				  Near	 DGROUP:0499
__END				  Near	 DGROUP:04D1
__END				  Near	 DGROUP:04EC
__END				  Near	 DGROUP:0508
__END				  Near	 DGROUP:051F
__END				  Near	 DGROUP:0532
__END				  Near	 DGROUP:054D
__END				  Near	 DGROUP:0563
__END				  Near	 DGROUP:058A
__END				  Near	 DGROUP:05AC
__ENDNEXTLINE			  Near	 DGROUP:01AE
__ENDPRINTING			  Near	 DGROUP:023B
__ENDPRINTING			  Near	 DGROUP:0278
__FOUND				  Near	 DGROUP:0504
__FOUND				  Near	 DGROUP:051B
__MUL				  Near	 DGROUP:05CE
__NEXT				  Near	 DGROUP:0191
__NEXT				  Near	 DGROUP:01E3
__NEXT				  Near	 DGROUP:022E
__NEXT				  Near	 DGROUP:026B
__NEXT				  Near	 DGROUP:03B0
__NEXT				  Near	 DGROUP:0451
__NEXT				  Near	 DGROUP:0483
__NEXT				  Near	 DGROUP:04BB
__NEXT				  Near	 DGROUP:04DE
__NEXT				  Near	 DGROUP:04F9
__NEXT				  Near	 DGROUP:050F
__NEXT				  Near	 DGROUP:0529
__NEXT				  Near	 DGROUP:053F
__NEXT				  Near	 DGROUP:0557
__NEXT				  Near	 DGROUP:0572
__NEXT				  Near	 DGROUP:0593
__NEXT				  Near	 DGROUP:05B5
__NEXTLINE			  Near	 DGROUP:018E
__NOINCH			  Near	 DGROUP:03C7
__NOINCW			  Near	 DGROUP:03BD
__NOMUL				  Near	 DGROUP:05D6
__NOPRINTREGS			  Near	 DGROUP:017D
__PRINTREGS			  Near	 DGROUP:013F

Macro Name

EXIT
Turbo Assembler	 Version 4.1	    03/14/23 14:47:09	    Page 27
Symbol Table




Groups & Segments		  Bit Size Align  Combine Class

DGROUP				  Group
  _DATA				  16  0000 Word	  Public  DATA
  _TEXT				  16  05E5 Word	  Public  CODE
